Archive member included to satisfy reference by file (symbol)

c:/yagarto-20121222/bin/../lib/gcc/arm-none-eabi/7.2.1/../../../../arm-none-eabi/lib/thumb/v7e-m/fpv4-sp/hard\libg.a(lib_a-exit.o)
                              c:/yagarto-20121222/bin/../lib/gcc/arm-none-eabi/7.2.1/../../../../arm-none-eabi/lib/thumb/v7e-m/fpv4-sp/hard/crt0.o (exit)
c:/yagarto-20121222/bin/../lib/gcc/arm-none-eabi/7.2.1/../../../../arm-none-eabi/lib/thumb/v7e-m/fpv4-sp/hard\libg.a(lib_a-impure.o)
                              c:/yagarto-20121222/bin/../lib/gcc/arm-none-eabi/7.2.1/../../../../arm-none-eabi/lib/thumb/v7e-m/fpv4-sp/hard\libg.a(lib_a-exit.o) (_global_impure_ptr)
c:/yagarto-20121222/bin/../lib/gcc/arm-none-eabi/7.2.1/../../../../arm-none-eabi/lib/thumb/v7e-m/fpv4-sp/hard\libg.a(lib_a-init.o)
                              c:/yagarto-20121222/bin/../lib/gcc/arm-none-eabi/7.2.1/../../../../arm-none-eabi/lib/thumb/v7e-m/fpv4-sp/hard/crt0.o (__libc_init_array)
c:/yagarto-20121222/bin/../lib/gcc/arm-none-eabi/7.2.1/../../../../arm-none-eabi/lib/thumb/v7e-m/fpv4-sp/hard\libg.a(lib_a-memset.o)
                              c:/yagarto-20121222/bin/../lib/gcc/arm-none-eabi/7.2.1/../../../../arm-none-eabi/lib/thumb/v7e-m/fpv4-sp/hard/crt0.o (memset)
c:/yagarto-20121222/bin/../lib/gcc/arm-none-eabi/7.2.1/../../../../arm-none-eabi/lib/thumb/v7e-m/fpv4-sp/hard\libg.a(lib_a-__call_atexit.o)
                              c:/yagarto-20121222/bin/../lib/gcc/arm-none-eabi/7.2.1/../../../../arm-none-eabi/lib/thumb/v7e-m/fpv4-sp/hard\libg.a(lib_a-exit.o) (__call_exitprocs)
c:/yagarto-20121222/bin/../lib/gcc/arm-none-eabi/7.2.1/../../../../arm-none-eabi/lib/thumb/v7e-m/fpv4-sp/hard\libg.a(lib_a-atexit.o)
                              c:/yagarto-20121222/bin/../lib/gcc/arm-none-eabi/7.2.1/../../../../arm-none-eabi/lib/thumb/v7e-m/fpv4-sp/hard\libg.a(lib_a-__call_atexit.o) (atexit)
c:/yagarto-20121222/bin/../lib/gcc/arm-none-eabi/7.2.1/../../../../arm-none-eabi/lib/thumb/v7e-m/fpv4-sp/hard\libg.a(lib_a-fini.o)
                              c:/yagarto-20121222/bin/../lib/gcc/arm-none-eabi/7.2.1/../../../../arm-none-eabi/lib/thumb/v7e-m/fpv4-sp/hard\libg.a(lib_a-__call_atexit.o) (__libc_fini_array)
c:/yagarto-20121222/bin/../lib/gcc/arm-none-eabi/7.2.1/../../../../arm-none-eabi/lib/thumb/v7e-m/fpv4-sp/hard\libg.a(lib_a-lock.o)
                              c:/yagarto-20121222/bin/../lib/gcc/arm-none-eabi/7.2.1/../../../../arm-none-eabi/lib/thumb/v7e-m/fpv4-sp/hard\libg.a(lib_a-__call_atexit.o) (__retarget_lock_acquire_recursive)
c:/yagarto-20121222/bin/../lib/gcc/arm-none-eabi/7.2.1/../../../../arm-none-eabi/lib/thumb/v7e-m/fpv4-sp/hard\libg.a(lib_a-__atexit.o)
                              c:/yagarto-20121222/bin/../lib/gcc/arm-none-eabi/7.2.1/../../../../arm-none-eabi/lib/thumb/v7e-m/fpv4-sp/hard\libg.a(lib_a-atexit.o) (__register_exitproc)

Allocating common symbols
Common symbol       size              file

__lock___atexit_recursive_mutex
                    0x1               c:/yagarto-20121222/bin/../lib/gcc/arm-none-eabi/7.2.1/../../../../arm-none-eabi/lib/thumb/v7e-m/fpv4-sp/hard\libg.a(lib_a-lock.o)
__lock___arc4random_mutex
                    0x1               c:/yagarto-20121222/bin/../lib/gcc/arm-none-eabi/7.2.1/../../../../arm-none-eabi/lib/thumb/v7e-m/fpv4-sp/hard\libg.a(lib_a-lock.o)
__lock___env_recursive_mutex
                    0x1               c:/yagarto-20121222/bin/../lib/gcc/arm-none-eabi/7.2.1/../../../../arm-none-eabi/lib/thumb/v7e-m/fpv4-sp/hard\libg.a(lib_a-lock.o)
__lock___sinit_recursive_mutex
                    0x1               c:/yagarto-20121222/bin/../lib/gcc/arm-none-eabi/7.2.1/../../../../arm-none-eabi/lib/thumb/v7e-m/fpv4-sp/hard\libg.a(lib_a-lock.o)
__lock___malloc_recursive_mutex
                    0x1               c:/yagarto-20121222/bin/../lib/gcc/arm-none-eabi/7.2.1/../../../../arm-none-eabi/lib/thumb/v7e-m/fpv4-sp/hard\libg.a(lib_a-lock.o)
__lock___at_quick_exit_mutex
                    0x1               c:/yagarto-20121222/bin/../lib/gcc/arm-none-eabi/7.2.1/../../../../arm-none-eabi/lib/thumb/v7e-m/fpv4-sp/hard\libg.a(lib_a-lock.o)
__lock___dd_hash_mutex
                    0x1               c:/yagarto-20121222/bin/../lib/gcc/arm-none-eabi/7.2.1/../../../../arm-none-eabi/lib/thumb/v7e-m/fpv4-sp/hard\libg.a(lib_a-lock.o)
__lock___tz_mutex   0x1               c:/yagarto-20121222/bin/../lib/gcc/arm-none-eabi/7.2.1/../../../../arm-none-eabi/lib/thumb/v7e-m/fpv4-sp/hard\libg.a(lib_a-lock.o)
__lock___sfp_recursive_mutex
                    0x1               c:/yagarto-20121222/bin/../lib/gcc/arm-none-eabi/7.2.1/../../../../arm-none-eabi/lib/thumb/v7e-m/fpv4-sp/hard\libg.a(lib_a-lock.o)

Discarded input sections

 .text          0x00000000        0x0 c:/yagarto-20121222/bin/../lib/gcc/arm-none-eabi/7.2.1/thumb/v7e-m/fpv4-sp/hard/crti.o
 .data          0x00000000        0x0 c:/yagarto-20121222/bin/../lib/gcc/arm-none-eabi/7.2.1/thumb/v7e-m/fpv4-sp/hard/crti.o
 .bss           0x00000000        0x0 c:/yagarto-20121222/bin/../lib/gcc/arm-none-eabi/7.2.1/thumb/v7e-m/fpv4-sp/hard/crti.o
 .data          0x00000000        0x4 c:/yagarto-20121222/bin/../lib/gcc/arm-none-eabi/7.2.1/thumb/v7e-m/fpv4-sp/hard/crtbegin.o
 .text          0x00000000       0x74 c:/yagarto-20121222/bin/../lib/gcc/arm-none-eabi/7.2.1/../../../../arm-none-eabi/lib/thumb/v7e-m/fpv4-sp/hard/crt0.o
 .data          0x00000000        0x0 c:/yagarto-20121222/bin/../lib/gcc/arm-none-eabi/7.2.1/../../../../arm-none-eabi/lib/thumb/v7e-m/fpv4-sp/hard/crt0.o
 .bss           0x00000000        0x0 c:/yagarto-20121222/bin/../lib/gcc/arm-none-eabi/7.2.1/../../../../arm-none-eabi/lib/thumb/v7e-m/fpv4-sp/hard/crt0.o
 .ARM.extab     0x00000000        0x0 c:/yagarto-20121222/bin/../lib/gcc/arm-none-eabi/7.2.1/../../../../arm-none-eabi/lib/thumb/v7e-m/fpv4-sp/hard/crt0.o
 .ARM.exidx     0x00000000        0x8 c:/yagarto-20121222/bin/../lib/gcc/arm-none-eabi/7.2.1/../../../../arm-none-eabi/lib/thumb/v7e-m/fpv4-sp/hard/crt0.o
 .ARM.attributes
                0x00000000       0x20 c:/yagarto-20121222/bin/../lib/gcc/arm-none-eabi/7.2.1/../../../../arm-none-eabi/lib/thumb/v7e-m/fpv4-sp/hard/crt0.o
 .data          0x00000000        0x0 C:\Users\Badra\AppData\Local\Temp\ccKJTDJu.o
 .bss           0x00000000        0x0 C:\Users\Badra\AppData\Local\Temp\ccKJTDJu.o
 .bss           0x00000000        0x0 C:\Users\Badra\AppData\Local\Temp\ccZYuLPV.o
 .data          0x00000000        0x0 C:\Users\Badra\AppData\Local\Temp\ccAL3dMs.o
 .bss           0x00000000        0x0 C:\Users\Badra\AppData\Local\Temp\ccAL3dMs.o
 .text          0x00000000       0x14 C:\Users\Badra\AppData\Local\Temp\cc3JsvN2.o
 .data          0x00000000        0x0 C:\Users\Badra\AppData\Local\Temp\cc3JsvN2.o
 .bss           0x00000000        0x0 C:\Users\Badra\AppData\Local\Temp\cc3JsvN2.o
 .text          0x00000000        0x0 c:/yagarto-20121222/bin/../lib/gcc/arm-none-eabi/7.2.1/../../../../arm-none-eabi/lib/thumb/v7e-m/fpv4-sp/hard\libg.a(lib_a-exit.o)
 .data          0x00000000        0x0 c:/yagarto-20121222/bin/../lib/gcc/arm-none-eabi/7.2.1/../../../../arm-none-eabi/lib/thumb/v7e-m/fpv4-sp/hard\libg.a(lib_a-exit.o)
 .bss           0x00000000        0x0 c:/yagarto-20121222/bin/../lib/gcc/arm-none-eabi/7.2.1/../../../../arm-none-eabi/lib/thumb/v7e-m/fpv4-sp/hard\libg.a(lib_a-exit.o)
 .text.exit     0x00000000       0x20 c:/yagarto-20121222/bin/../lib/gcc/arm-none-eabi/7.2.1/../../../../arm-none-eabi/lib/thumb/v7e-m/fpv4-sp/hard\libg.a(lib_a-exit.o)
 .debug_frame   0x00000000       0x28 c:/yagarto-20121222/bin/../lib/gcc/arm-none-eabi/7.2.1/../../../../arm-none-eabi/lib/thumb/v7e-m/fpv4-sp/hard\libg.a(lib_a-exit.o)
 .ARM.attributes
                0x00000000       0x34 c:/yagarto-20121222/bin/../lib/gcc/arm-none-eabi/7.2.1/../../../../arm-none-eabi/lib/thumb/v7e-m/fpv4-sp/hard\libg.a(lib_a-exit.o)
 .text          0x00000000        0x0 c:/yagarto-20121222/bin/../lib/gcc/arm-none-eabi/7.2.1/../../../../arm-none-eabi/lib/thumb/v7e-m/fpv4-sp/hard\libg.a(lib_a-impure.o)
 .data          0x00000000        0x0 c:/yagarto-20121222/bin/../lib/gcc/arm-none-eabi/7.2.1/../../../../arm-none-eabi/lib/thumb/v7e-m/fpv4-sp/hard\libg.a(lib_a-impure.o)
 .bss           0x00000000        0x0 c:/yagarto-20121222/bin/../lib/gcc/arm-none-eabi/7.2.1/../../../../arm-none-eabi/lib/thumb/v7e-m/fpv4-sp/hard\libg.a(lib_a-impure.o)
 .data._impure_ptr
                0x00000000        0x4 c:/yagarto-20121222/bin/../lib/gcc/arm-none-eabi/7.2.1/../../../../arm-none-eabi/lib/thumb/v7e-m/fpv4-sp/hard\libg.a(lib_a-impure.o)
 .text          0x00000000        0x0 c:/yagarto-20121222/bin/../lib/gcc/arm-none-eabi/7.2.1/../../../../arm-none-eabi/lib/thumb/v7e-m/fpv4-sp/hard\libg.a(lib_a-init.o)
 .data          0x00000000        0x0 c:/yagarto-20121222/bin/../lib/gcc/arm-none-eabi/7.2.1/../../../../arm-none-eabi/lib/thumb/v7e-m/fpv4-sp/hard\libg.a(lib_a-init.o)
 .bss           0x00000000        0x0 c:/yagarto-20121222/bin/../lib/gcc/arm-none-eabi/7.2.1/../../../../arm-none-eabi/lib/thumb/v7e-m/fpv4-sp/hard\libg.a(lib_a-init.o)
 .text          0x00000000        0x0 c:/yagarto-20121222/bin/../lib/gcc/arm-none-eabi/7.2.1/../../../../arm-none-eabi/lib/thumb/v7e-m/fpv4-sp/hard\libg.a(lib_a-memset.o)
 .data          0x00000000        0x0 c:/yagarto-20121222/bin/../lib/gcc/arm-none-eabi/7.2.1/../../../../arm-none-eabi/lib/thumb/v7e-m/fpv4-sp/hard\libg.a(lib_a-memset.o)
 .bss           0x00000000        0x0 c:/yagarto-20121222/bin/../lib/gcc/arm-none-eabi/7.2.1/../../../../arm-none-eabi/lib/thumb/v7e-m/fpv4-sp/hard\libg.a(lib_a-memset.o)
 .text.memset   0x00000000       0x94 c:/yagarto-20121222/bin/../lib/gcc/arm-none-eabi/7.2.1/../../../../arm-none-eabi/lib/thumb/v7e-m/fpv4-sp/hard\libg.a(lib_a-memset.o)
 .debug_frame   0x00000000       0x38 c:/yagarto-20121222/bin/../lib/gcc/arm-none-eabi/7.2.1/../../../../arm-none-eabi/lib/thumb/v7e-m/fpv4-sp/hard\libg.a(lib_a-memset.o)
 .ARM.attributes
                0x00000000       0x34 c:/yagarto-20121222/bin/../lib/gcc/arm-none-eabi/7.2.1/../../../../arm-none-eabi/lib/thumb/v7e-m/fpv4-sp/hard\libg.a(lib_a-memset.o)
 .text          0x00000000        0x0 c:/yagarto-20121222/bin/../lib/gcc/arm-none-eabi/7.2.1/../../../../arm-none-eabi/lib/thumb/v7e-m/fpv4-sp/hard\libg.a(lib_a-__call_atexit.o)
 .data          0x00000000        0x0 c:/yagarto-20121222/bin/../lib/gcc/arm-none-eabi/7.2.1/../../../../arm-none-eabi/lib/thumb/v7e-m/fpv4-sp/hard\libg.a(lib_a-__call_atexit.o)
 .bss           0x00000000        0x0 c:/yagarto-20121222/bin/../lib/gcc/arm-none-eabi/7.2.1/../../../../arm-none-eabi/lib/thumb/v7e-m/fpv4-sp/hard\libg.a(lib_a-__call_atexit.o)
 .text.__call_exitprocs
                0x00000000       0xe8 c:/yagarto-20121222/bin/../lib/gcc/arm-none-eabi/7.2.1/../../../../arm-none-eabi/lib/thumb/v7e-m/fpv4-sp/hard\libg.a(lib_a-__call_atexit.o)
 .text          0x00000000        0x0 c:/yagarto-20121222/bin/../lib/gcc/arm-none-eabi/7.2.1/../../../../arm-none-eabi/lib/thumb/v7e-m/fpv4-sp/hard\libg.a(lib_a-atexit.o)
 .data          0x00000000        0x0 c:/yagarto-20121222/bin/../lib/gcc/arm-none-eabi/7.2.1/../../../../arm-none-eabi/lib/thumb/v7e-m/fpv4-sp/hard\libg.a(lib_a-atexit.o)
 .bss           0x00000000        0x0 c:/yagarto-20121222/bin/../lib/gcc/arm-none-eabi/7.2.1/../../../../arm-none-eabi/lib/thumb/v7e-m/fpv4-sp/hard\libg.a(lib_a-atexit.o)
 .text          0x00000000        0x0 c:/yagarto-20121222/bin/../lib/gcc/arm-none-eabi/7.2.1/../../../../arm-none-eabi/lib/thumb/v7e-m/fpv4-sp/hard\libg.a(lib_a-fini.o)
 .data          0x00000000        0x0 c:/yagarto-20121222/bin/../lib/gcc/arm-none-eabi/7.2.1/../../../../arm-none-eabi/lib/thumb/v7e-m/fpv4-sp/hard\libg.a(lib_a-fini.o)
 .bss           0x00000000        0x0 c:/yagarto-20121222/bin/../lib/gcc/arm-none-eabi/7.2.1/../../../../arm-none-eabi/lib/thumb/v7e-m/fpv4-sp/hard\libg.a(lib_a-fini.o)
 .text          0x00000000        0x0 c:/yagarto-20121222/bin/../lib/gcc/arm-none-eabi/7.2.1/../../../../arm-none-eabi/lib/thumb/v7e-m/fpv4-sp/hard\libg.a(lib_a-lock.o)
 .data          0x00000000        0x0 c:/yagarto-20121222/bin/../lib/gcc/arm-none-eabi/7.2.1/../../../../arm-none-eabi/lib/thumb/v7e-m/fpv4-sp/hard\libg.a(lib_a-lock.o)
 .bss           0x00000000        0x0 c:/yagarto-20121222/bin/../lib/gcc/arm-none-eabi/7.2.1/../../../../arm-none-eabi/lib/thumb/v7e-m/fpv4-sp/hard\libg.a(lib_a-lock.o)
 .text.__retarget_lock_init
                0x00000000        0x4 c:/yagarto-20121222/bin/../lib/gcc/arm-none-eabi/7.2.1/../../../../arm-none-eabi/lib/thumb/v7e-m/fpv4-sp/hard\libg.a(lib_a-lock.o)
 .text.__retarget_lock_init_recursive
                0x00000000        0x4 c:/yagarto-20121222/bin/../lib/gcc/arm-none-eabi/7.2.1/../../../../arm-none-eabi/lib/thumb/v7e-m/fpv4-sp/hard\libg.a(lib_a-lock.o)
 .text.__retarget_lock_close
                0x00000000        0x4 c:/yagarto-20121222/bin/../lib/gcc/arm-none-eabi/7.2.1/../../../../arm-none-eabi/lib/thumb/v7e-m/fpv4-sp/hard\libg.a(lib_a-lock.o)
 .text.__retarget_lock_close_recursive
                0x00000000        0x4 c:/yagarto-20121222/bin/../lib/gcc/arm-none-eabi/7.2.1/../../../../arm-none-eabi/lib/thumb/v7e-m/fpv4-sp/hard\libg.a(lib_a-lock.o)
 .text.__retarget_lock_acquire
                0x00000000        0x4 c:/yagarto-20121222/bin/../lib/gcc/arm-none-eabi/7.2.1/../../../../arm-none-eabi/lib/thumb/v7e-m/fpv4-sp/hard\libg.a(lib_a-lock.o)
 .text.__retarget_lock_try_acquire
                0x00000000        0x4 c:/yagarto-20121222/bin/../lib/gcc/arm-none-eabi/7.2.1/../../../../arm-none-eabi/lib/thumb/v7e-m/fpv4-sp/hard\libg.a(lib_a-lock.o)
 .text.__retarget_lock_try_acquire_recursive
                0x00000000        0x4 c:/yagarto-20121222/bin/../lib/gcc/arm-none-eabi/7.2.1/../../../../arm-none-eabi/lib/thumb/v7e-m/fpv4-sp/hard\libg.a(lib_a-lock.o)
 .text.__retarget_lock_release
                0x00000000        0x4 c:/yagarto-20121222/bin/../lib/gcc/arm-none-eabi/7.2.1/../../../../arm-none-eabi/lib/thumb/v7e-m/fpv4-sp/hard\libg.a(lib_a-lock.o)
 .text          0x00000000        0x0 c:/yagarto-20121222/bin/../lib/gcc/arm-none-eabi/7.2.1/../../../../arm-none-eabi/lib/thumb/v7e-m/fpv4-sp/hard\libg.a(lib_a-__atexit.o)
 .data          0x00000000        0x0 c:/yagarto-20121222/bin/../lib/gcc/arm-none-eabi/7.2.1/../../../../arm-none-eabi/lib/thumb/v7e-m/fpv4-sp/hard\libg.a(lib_a-__atexit.o)
 .bss           0x00000000        0x0 c:/yagarto-20121222/bin/../lib/gcc/arm-none-eabi/7.2.1/../../../../arm-none-eabi/lib/thumb/v7e-m/fpv4-sp/hard\libg.a(lib_a-__atexit.o)
 .text          0x00000000        0x0 c:/yagarto-20121222/bin/../lib/gcc/arm-none-eabi/7.2.1/thumb/v7e-m/fpv4-sp/hard/crtend.o
 .data          0x00000000        0x0 c:/yagarto-20121222/bin/../lib/gcc/arm-none-eabi/7.2.1/thumb/v7e-m/fpv4-sp/hard/crtend.o
 .bss           0x00000000        0x0 c:/yagarto-20121222/bin/../lib/gcc/arm-none-eabi/7.2.1/thumb/v7e-m/fpv4-sp/hard/crtend.o
 .eh_frame      0x00000000        0x4 c:/yagarto-20121222/bin/../lib/gcc/arm-none-eabi/7.2.1/thumb/v7e-m/fpv4-sp/hard/crtend.o
 .ARM.attributes
                0x00000000       0x34 c:/yagarto-20121222/bin/../lib/gcc/arm-none-eabi/7.2.1/thumb/v7e-m/fpv4-sp/hard/crtend.o
 .text          0x00000000        0x0 c:/yagarto-20121222/bin/../lib/gcc/arm-none-eabi/7.2.1/thumb/v7e-m/fpv4-sp/hard/crtn.o
 .data          0x00000000        0x0 c:/yagarto-20121222/bin/../lib/gcc/arm-none-eabi/7.2.1/thumb/v7e-m/fpv4-sp/hard/crtn.o
 .bss           0x00000000        0x0 c:/yagarto-20121222/bin/../lib/gcc/arm-none-eabi/7.2.1/thumb/v7e-m/fpv4-sp/hard/crtn.o

Memory Configuration

Name             Origin             Length             Attributes
FLASH            0x08000000         0x00040000         xr
RAM              0x20000000         0x00010000         xrw
MEMORY_B1        0x60000000         0x00000000         xr
*default*        0x00000000         0xffffffff

Linker script and memory map

LOAD c:/yagarto-20121222/bin/../lib/gcc/arm-none-eabi/7.2.1/thumb/v7e-m/fpv4-sp/hard/crti.o
LOAD c:/yagarto-20121222/bin/../lib/gcc/arm-none-eabi/7.2.1/thumb/v7e-m/fpv4-sp/hard/crtbegin.o
LOAD c:/yagarto-20121222/bin/../lib/gcc/arm-none-eabi/7.2.1/../../../../arm-none-eabi/lib/thumb/v7e-m/fpv4-sp/hard/crt0.o
LOAD C:\Users\Badra\AppData\Local\Temp\ccKJTDJu.o
LOAD C:\Users\Badra\AppData\Local\Temp\ccZYuLPV.o
LOAD C:\Users\Badra\AppData\Local\Temp\ccAL3dMs.o
LOAD C:\Users\Badra\AppData\Local\Temp\cc3JsvN2.o
START GROUP
LOAD c:/yagarto-20121222/bin/../lib/gcc/arm-none-eabi/7.2.1/thumb/v7e-m/fpv4-sp/hard\libgcc.a
LOAD c:/yagarto-20121222/bin/../lib/gcc/arm-none-eabi/7.2.1/../../../../arm-none-eabi/lib/thumb/v7e-m/fpv4-sp/hard\libg.a
LOAD c:/yagarto-20121222/bin/../lib/gcc/arm-none-eabi/7.2.1/../../../../arm-none-eabi/lib/thumb/v7e-m/fpv4-sp/hard\libc.a
END GROUP
LOAD c:/yagarto-20121222/bin/../lib/gcc/arm-none-eabi/7.2.1/thumb/v7e-m/fpv4-sp/hard/crtend.o
LOAD c:/yagarto-20121222/bin/../lib/gcc/arm-none-eabi/7.2.1/thumb/v7e-m/fpv4-sp/hard/crtn.o
                0x20005000                _estack = 0x20005000
                0x00000000                _Min_Heap_Size = 0x0
                0x00000100                _Min_Stack_Size = 0x100

.isr_vector     0x08000000      0x194
                0x08000000                . = ALIGN (0x4)
 *(.isr_vector)
 .isr_vector    0x08000000      0x194 C:\Users\Badra\AppData\Local\Temp\cc3JsvN2.o
                0x08000000                g_pfnVectors
                0x08000194                . = ALIGN (0x4)

.text           0x08000194      0x40c
                0x08000194                . = ALIGN (0x4)
 *(.text)
 .text          0x08000194       0x40 c:/yagarto-20121222/bin/../lib/gcc/arm-none-eabi/7.2.1/thumb/v7e-m/fpv4-sp/hard/crtbegin.o
 .text          0x080001d4       0x78 C:\Users\Badra\AppData\Local\Temp\ccKJTDJu.o
                0x080001d4                main
                0x08000214                delayMs
 .text          0x0800024c      0x124 C:\Users\Badra\AppData\Local\Temp\ccZYuLPV.o
                0x0800024c                SystemInit
                0x08000278                SystemCoreClockUpdate
 .text          0x08000370       0x5e C:\Users\Badra\AppData\Local\Temp\ccAL3dMs.o
                0x08000370                NMI_Handler
                0x0800037e                HardFault_Handler
                0x08000384                MemManage_Handler
                0x0800038a                BusFault_Handler
                0x08000390                UsageFault_Handler
                0x08000396                SVC_Handler
                0x080003a4                DebugMon_Handler
                0x080003b2                PendSV_Handler
                0x080003c0                SysTick_Handler
 *(.text*)
 *fill*         0x080003ce        0x2 
 .text.Reset_Handler
                0x080003d0       0x50 C:\Users\Badra\AppData\Local\Temp\cc3JsvN2.o
                0x080003d0                Reset_Handler
 .text.Default_Handler
                0x08000420        0x2 C:\Users\Badra\AppData\Local\Temp\cc3JsvN2.o
                0x08000420                RTC_Alarm_IRQHandler
                0x08000420                EXTI2_IRQHandler
                0x08000420                SPI4_IRQHandler
                0x08000420                TIM1_CC_IRQHandler
                0x08000420                DMA2_Stream5_IRQHandler
                0x08000420                DMA1_Stream5_IRQHandler
                0x08000420                PVD_IRQHandler
                0x08000420                SDIO_IRQHandler
                0x08000420                TAMP_STAMP_IRQHandler
                0x08000420                EXTI3_IRQHandler
                0x08000420                TIM1_UP_TIM10_IRQHandler
                0x08000420                I2C3_ER_IRQHandler
                0x08000420                EXTI0_IRQHandler
                0x08000420                I2C2_EV_IRQHandler
                0x08000420                DMA1_Stream2_IRQHandler
                0x08000420                FPU_IRQHandler
                0x08000420                DMA2_Stream2_IRQHandler
                0x08000420                SPI1_IRQHandler
                0x08000420                TIM1_BRK_TIM9_IRQHandler
                0x08000420                DMA2_Stream3_IRQHandler
                0x08000420                USART6_IRQHandler
                0x08000420                DMA2_Stream0_IRQHandler
                0x08000420                TIM4_IRQHandler
                0x08000420                I2C1_EV_IRQHandler
                0x08000420                DMA1_Stream6_IRQHandler
                0x08000420                DMA1_Stream1_IRQHandler
                0x08000420                TIM3_IRQHandler
                0x08000420                RCC_IRQHandler
                0x08000420                Default_Handler
                0x08000420                EXTI15_10_IRQHandler
                0x08000420                ADC_IRQHandler
                0x08000420                DMA1_Stream7_IRQHandler
                0x08000420                TIM5_IRQHandler
                0x08000420                DMA2_Stream7_IRQHandler
                0x08000420                I2C3_EV_IRQHandler
                0x08000420                EXTI9_5_IRQHandler
                0x08000420                RTC_WKUP_IRQHandler
                0x08000420                SPI2_IRQHandler
                0x08000420                DMA1_Stream0_IRQHandler
                0x08000420                EXTI4_IRQHandler
                0x08000420                WWDG_IRQHandler
                0x08000420                TIM2_IRQHandler
                0x08000420                OTG_FS_WKUP_IRQHandler
                0x08000420                TIM1_TRG_COM_TIM11_IRQHandler
                0x08000420                EXTI1_IRQHandler
                0x08000420                USART2_IRQHandler
                0x08000420                I2C2_ER_IRQHandler
                0x08000420                DMA2_Stream1_IRQHandler
                0x08000420                FLASH_IRQHandler
                0x08000420                DMA2_Stream4_IRQHandler
                0x08000420                USART1_IRQHandler
                0x08000420                OTG_FS_IRQHandler
                0x08000420                SPI3_IRQHandler
                0x08000420                DMA1_Stream4_IRQHandler
                0x08000420                I2C1_ER_IRQHandler
                0x08000420                DMA2_Stream6_IRQHandler
                0x08000420                DMA1_Stream3_IRQHandler
 *fill*         0x08000422        0x2 
 .text.__libc_init_array
                0x08000424       0x48 c:/yagarto-20121222/bin/../lib/gcc/arm-none-eabi/7.2.1/../../../../arm-none-eabi/lib/thumb/v7e-m/fpv4-sp/hard\libg.a(lib_a-init.o)
                0x08000424                __libc_init_array
 .text.startup.register_fini
                0x0800046c       0x14 c:/yagarto-20121222/bin/../lib/gcc/arm-none-eabi/7.2.1/../../../../arm-none-eabi/lib/thumb/v7e-m/fpv4-sp/hard\libg.a(lib_a-__call_atexit.o)
 .text.atexit   0x08000480        0xc c:/yagarto-20121222/bin/../lib/gcc/arm-none-eabi/7.2.1/../../../../arm-none-eabi/lib/thumb/v7e-m/fpv4-sp/hard\libg.a(lib_a-atexit.o)
                0x08000480                atexit
 .text.__libc_fini_array
                0x0800048c       0x34 c:/yagarto-20121222/bin/../lib/gcc/arm-none-eabi/7.2.1/../../../../arm-none-eabi/lib/thumb/v7e-m/fpv4-sp/hard\libg.a(lib_a-fini.o)
                0x0800048c                __libc_fini_array
 .text.__retarget_lock_acquire_recursive
                0x080004c0        0x4 c:/yagarto-20121222/bin/../lib/gcc/arm-none-eabi/7.2.1/../../../../arm-none-eabi/lib/thumb/v7e-m/fpv4-sp/hard\libg.a(lib_a-lock.o)
                0x080004c0                __retarget_lock_acquire_recursive
 .text.__retarget_lock_release_recursive
                0x080004c4        0x4 c:/yagarto-20121222/bin/../lib/gcc/arm-none-eabi/7.2.1/../../../../arm-none-eabi/lib/thumb/v7e-m/fpv4-sp/hard\libg.a(lib_a-lock.o)
                0x080004c4                __retarget_lock_release_recursive
 .text.__register_exitproc
                0x080004c8       0xc0 c:/yagarto-20121222/bin/../lib/gcc/arm-none-eabi/7.2.1/../../../../arm-none-eabi/lib/thumb/v7e-m/fpv4-sp/hard\libg.a(lib_a-__atexit.o)
                0x080004c8                __register_exitproc
 *(.glue_7)
 .glue_7        0x08000588        0x0 linker stubs
 *(.glue_7t)
 .glue_7t       0x08000588        0x0 linker stubs
 *(.eh_frame)
 .eh_frame      0x08000588        0x0 c:/yagarto-20121222/bin/../lib/gcc/arm-none-eabi/7.2.1/thumb/v7e-m/fpv4-sp/hard/crtbegin.o
 *(.init)
 .init          0x08000588        0x4 c:/yagarto-20121222/bin/../lib/gcc/arm-none-eabi/7.2.1/thumb/v7e-m/fpv4-sp/hard/crti.o
                0x08000588                _init
 .init          0x0800058c        0x8 c:/yagarto-20121222/bin/../lib/gcc/arm-none-eabi/7.2.1/thumb/v7e-m/fpv4-sp/hard/crtn.o
 *(.fini)
 .fini          0x08000594        0x4 c:/yagarto-20121222/bin/../lib/gcc/arm-none-eabi/7.2.1/thumb/v7e-m/fpv4-sp/hard/crti.o
                0x08000594                _fini
 .fini          0x08000598        0x8 c:/yagarto-20121222/bin/../lib/gcc/arm-none-eabi/7.2.1/thumb/v7e-m/fpv4-sp/hard/crtn.o
                0x080005a0                . = ALIGN (0x4)
                0x080005a0                _etext = .

.vfp11_veneer   0x080005a0        0x0
 .vfp11_veneer  0x080005a0        0x0 linker stubs

.v4_bx          0x080005a0        0x0
 .v4_bx         0x080005a0        0x0 linker stubs

.iplt           0x080005a0        0x0
 .iplt          0x080005a0        0x0 c:/yagarto-20121222/bin/../lib/gcc/arm-none-eabi/7.2.1/thumb/v7e-m/fpv4-sp/hard/crtbegin.o

.rodata         0x080005a0        0x4
                0x080005a0                . = ALIGN (0x4)
 *(.rodata)
 *(.rodata*)
 .rodata._global_impure_ptr
                0x080005a0        0x4 c:/yagarto-20121222/bin/../lib/gcc/arm-none-eabi/7.2.1/../../../../arm-none-eabi/lib/thumb/v7e-m/fpv4-sp/hard\libg.a(lib_a-impure.o)
                0x080005a0                _global_impure_ptr
                0x080005a4                . = ALIGN (0x4)

.rel.dyn        0x080005a4        0x0
 .rel.iplt      0x080005a4        0x0 c:/yagarto-20121222/bin/../lib/gcc/arm-none-eabi/7.2.1/thumb/v7e-m/fpv4-sp/hard/crtbegin.o

.ARM.extab
 *(.ARM.extab* .gnu.linkonce.armextab.*)

.ARM            0x080005a4        0x0
                0x080005a4                __exidx_start = .
 *(.ARM.exidx*)
                0x080005a4                __exidx_end = .

.preinit_array  0x080005a4        0x0
                0x080005a4                PROVIDE (__preinit_array_start, .)
 *(.preinit_array*)
                0x080005a4                PROVIDE (__preinit_array_end, .)

.init_array     0x080005a4        0x8
                0x080005a4                PROVIDE (__init_array_start, .)
 *(SORT_BY_NAME(.init_array.*))
 .init_array.00000
                0x080005a4        0x4 c:/yagarto-20121222/bin/../lib/gcc/arm-none-eabi/7.2.1/../../../../arm-none-eabi/lib/thumb/v7e-m/fpv4-sp/hard\libg.a(lib_a-__call_atexit.o)
 *(.init_array*)
 .init_array    0x080005a8        0x4 c:/yagarto-20121222/bin/../lib/gcc/arm-none-eabi/7.2.1/thumb/v7e-m/fpv4-sp/hard/crtbegin.o
                0x080005ac                PROVIDE (__init_array_end, .)

.fini_array     0x080005ac        0x4
                0x080005ac                PROVIDE (__fini_array_start, .)
 *(SORT_BY_NAME(.fini_array.*))
 *(.fini_array*)
 .fini_array    0x080005ac        0x4 c:/yagarto-20121222/bin/../lib/gcc/arm-none-eabi/7.2.1/thumb/v7e-m/fpv4-sp/hard/crtbegin.o
                0x080005b0                PROVIDE (__fini_array_end, .)
                0x080005b0                _sidata = LOADADDR (.data)

.data           0x20000000      0x444 load address 0x080005b0
                0x20000000                . = ALIGN (0x4)
                0x20000000                _sdata = .
 *(.data)
 .data          0x20000000       0x14 C:\Users\Badra\AppData\Local\Temp\ccZYuLPV.o
                0x20000000                SystemCoreClock
                0x20000004                AHBPrescTable
 *(.data*)
 *fill*         0x20000014        0x4 
 .data.impure_data
                0x20000018      0x428 c:/yagarto-20121222/bin/../lib/gcc/arm-none-eabi/7.2.1/../../../../arm-none-eabi/lib/thumb/v7e-m/fpv4-sp/hard\libg.a(lib_a-impure.o)
 .data.__atexit_recursive_mutex
                0x20000440        0x4 c:/yagarto-20121222/bin/../lib/gcc/arm-none-eabi/7.2.1/../../../../arm-none-eabi/lib/thumb/v7e-m/fpv4-sp/hard\libg.a(lib_a-__call_atexit.o)
                0x20000440                __atexit_recursive_mutex
                0x20000444                . = ALIGN (0x4)
                0x20000444                _edata = .

.igot.plt       0x20000444        0x0 load address 0x080009f4
 .igot.plt      0x20000444        0x0 c:/yagarto-20121222/bin/../lib/gcc/arm-none-eabi/7.2.1/thumb/v7e-m/fpv4-sp/hard/crtbegin.o
                0x20000444                . = ALIGN (0x4)

.bss            0x20000444       0x40 load address 0x080009f4
                0x20000444                _sbss = .
                0x20000444                __bss_start__ = _sbss
 *(.bss)
 .bss           0x20000444       0x1c c:/yagarto-20121222/bin/../lib/gcc/arm-none-eabi/7.2.1/thumb/v7e-m/fpv4-sp/hard/crtbegin.o
 *(.bss*)
 *(COMMON)
 COMMON         0x20000460       0x21 c:/yagarto-20121222/bin/../lib/gcc/arm-none-eabi/7.2.1/../../../../arm-none-eabi/lib/thumb/v7e-m/fpv4-sp/hard\libg.a(lib_a-lock.o)
                0x20000460                __lock___atexit_recursive_mutex
                0x20000464                __lock___arc4random_mutex
                0x20000468                __lock___env_recursive_mutex
                0x2000046c                __lock___sinit_recursive_mutex
                0x20000470                __lock___malloc_recursive_mutex
                0x20000474                __lock___at_quick_exit_mutex
                0x20000478                __lock___dd_hash_mutex
                0x2000047c                __lock___tz_mutex
                0x20000480                __lock___sfp_recursive_mutex
                0x20000484                . = ALIGN (0x4)
 *fill*         0x20000481        0x3 
                0x20000484                _ebss = .
                0x20000484                __bss_end__ = _ebss

._user_heap_stack
                0x20000484      0x100 load address 0x080009f4
                0x20000484                . = ALIGN (0x4)
                [!provide]                PROVIDE (end, .)
                [!provide]                PROVIDE (_end, .)
                0x20000484                . = (. + _Min_Heap_Size)
                0x20000584                . = (. + _Min_Stack_Size)
 *fill*         0x20000484      0x100 
                0x20000584                . = ALIGN (0x4)

.memory_b1_text
 *(.mb1text)
 *(.mb1text*)
 *(.mb1rodata)
 *(.mb1rodata*)

/DISCARD/
 libc.a(*)
 libm.a(*)
 libgcc.a(*)

.ARM.attributes
                0x00000000       0x30
 *(.ARM.attributes)
 .ARM.attributes
                0x00000000       0x22 c:/yagarto-20121222/bin/../lib/gcc/arm-none-eabi/7.2.1/thumb/v7e-m/fpv4-sp/hard/crti.o
 .ARM.attributes
                0x00000022       0x34 c:/yagarto-20121222/bin/../lib/gcc/arm-none-eabi/7.2.1/thumb/v7e-m/fpv4-sp/hard/crtbegin.o
 .ARM.attributes
                0x00000056       0x39 C:\Users\Badra\AppData\Local\Temp\ccKJTDJu.o
 .ARM.attributes
                0x0000008f       0x39 C:\Users\Badra\AppData\Local\Temp\ccZYuLPV.o
 .ARM.attributes
                0x000000c8       0x39 C:\Users\Badra\AppData\Local\Temp\ccAL3dMs.o
 .ARM.attributes
                0x00000101       0x21 C:\Users\Badra\AppData\Local\Temp\cc3JsvN2.o
 .ARM.attributes
                0x00000122       0x34 c:/yagarto-20121222/bin/../lib/gcc/arm-none-eabi/7.2.1/../../../../arm-none-eabi/lib/thumb/v7e-m/fpv4-sp/hard\libg.a(lib_a-impure.o)
 .ARM.attributes
                0x00000156       0x34 c:/yagarto-20121222/bin/../lib/gcc/arm-none-eabi/7.2.1/../../../../arm-none-eabi/lib/thumb/v7e-m/fpv4-sp/hard\libg.a(lib_a-init.o)
 .ARM.attributes
                0x0000018a       0x34 c:/yagarto-20121222/bin/../lib/gcc/arm-none-eabi/7.2.1/../../../../arm-none-eabi/lib/thumb/v7e-m/fpv4-sp/hard\libg.a(lib_a-__call_atexit.o)
 .ARM.attributes
                0x000001be       0x34 c:/yagarto-20121222/bin/../lib/gcc/arm-none-eabi/7.2.1/../../../../arm-none-eabi/lib/thumb/v7e-m/fpv4-sp/hard\libg.a(lib_a-atexit.o)
 .ARM.attributes
                0x000001f2       0x34 c:/yagarto-20121222/bin/../lib/gcc/arm-none-eabi/7.2.1/../../../../arm-none-eabi/lib/thumb/v7e-m/fpv4-sp/hard\libg.a(lib_a-fini.o)
 .ARM.attributes
                0x00000226       0x34 c:/yagarto-20121222/bin/../lib/gcc/arm-none-eabi/7.2.1/../../../../arm-none-eabi/lib/thumb/v7e-m/fpv4-sp/hard\libg.a(lib_a-lock.o)
 .ARM.attributes
                0x0000025a       0x34 c:/yagarto-20121222/bin/../lib/gcc/arm-none-eabi/7.2.1/../../../../arm-none-eabi/lib/thumb/v7e-m/fpv4-sp/hard\libg.a(lib_a-__atexit.o)
 .ARM.attributes
                0x0000028e       0x22 c:/yagarto-20121222/bin/../lib/gcc/arm-none-eabi/7.2.1/thumb/v7e-m/fpv4-sp/hard/crtn.o
OUTPUT(../bin/main.elf elf32-littlearm)

.debug_info     0x00000000      0x9a6
 .debug_info    0x00000000      0x36f C:\Users\Badra\AppData\Local\Temp\ccKJTDJu.o
 .debug_info    0x0000036f      0x4c8 C:\Users\Badra\AppData\Local\Temp\ccZYuLPV.o
 .debug_info    0x00000837      0x14d C:\Users\Badra\AppData\Local\Temp\ccAL3dMs.o
 .debug_info    0x00000984       0x22 C:\Users\Badra\AppData\Local\Temp\cc3JsvN2.o

.debug_abbrev   0x00000000      0x2a5
 .debug_abbrev  0x00000000       0xfc C:\Users\Badra\AppData\Local\Temp\ccKJTDJu.o
 .debug_abbrev  0x000000fc      0x11f C:\Users\Badra\AppData\Local\Temp\ccZYuLPV.o
 .debug_abbrev  0x0000021b       0x78 C:\Users\Badra\AppData\Local\Temp\ccAL3dMs.o
 .debug_abbrev  0x00000293       0x12 C:\Users\Badra\AppData\Local\Temp\cc3JsvN2.o

.debug_aranges  0x00000000       0x88
 .debug_aranges
                0x00000000       0x20 C:\Users\Badra\AppData\Local\Temp\ccKJTDJu.o
 .debug_aranges
                0x00000020       0x20 C:\Users\Badra\AppData\Local\Temp\ccZYuLPV.o
 .debug_aranges
                0x00000040       0x20 C:\Users\Badra\AppData\Local\Temp\ccAL3dMs.o
 .debug_aranges
                0x00000060       0x28 C:\Users\Badra\AppData\Local\Temp\cc3JsvN2.o

.debug_line     0x00000000      0x509
 .debug_line    0x00000000      0x17f C:\Users\Badra\AppData\Local\Temp\ccKJTDJu.o
 .debug_line    0x0000017f      0x184 C:\Users\Badra\AppData\Local\Temp\ccZYuLPV.o
 .debug_line    0x00000303      0x17f C:\Users\Badra\AppData\Local\Temp\ccAL3dMs.o
 .debug_line    0x00000482       0x87 C:\Users\Badra\AppData\Local\Temp\cc3JsvN2.o

.debug_str      0x00000000      0x455
 .debug_str     0x00000000      0x2c3 C:\Users\Badra\AppData\Local\Temp\ccKJTDJu.o
                                0x316 (size before relaxing)
 .debug_str     0x000002c3       0xbb C:\Users\Badra\AppData\Local\Temp\ccZYuLPV.o
                                0x378 (size before relaxing)
 .debug_str     0x0000037e       0x9f C:\Users\Badra\AppData\Local\Temp\ccAL3dMs.o
                                0x258 (size before relaxing)
 .debug_str     0x0000041d       0x38 C:\Users\Badra\AppData\Local\Temp\cc3JsvN2.o
                                 0x6f (size before relaxing)

.comment        0x00000000       0x7e
 .comment       0x00000000       0x7e C:\Users\Badra\AppData\Local\Temp\ccKJTDJu.o
                                 0x7f (size before relaxing)
 .comment       0x0000007e       0x7f C:\Users\Badra\AppData\Local\Temp\ccZYuLPV.o
 .comment       0x0000007e       0x7f C:\Users\Badra\AppData\Local\Temp\ccAL3dMs.o

.debug_frame    0x00000000      0x378
 .debug_frame   0x00000000       0x50 C:\Users\Badra\AppData\Local\Temp\ccKJTDJu.o
 .debug_frame   0x00000050       0x58 C:\Users\Badra\AppData\Local\Temp\ccZYuLPV.o
 .debug_frame   0x000000a8      0x110 C:\Users\Badra\AppData\Local\Temp\ccAL3dMs.o
 .debug_frame   0x000001b8       0x2c c:/yagarto-20121222/bin/../lib/gcc/arm-none-eabi/7.2.1/../../../../arm-none-eabi/lib/thumb/v7e-m/fpv4-sp/hard\libg.a(lib_a-init.o)
 .debug_frame   0x000001e4       0x5c c:/yagarto-20121222/bin/../lib/gcc/arm-none-eabi/7.2.1/../../../../arm-none-eabi/lib/thumb/v7e-m/fpv4-sp/hard\libg.a(lib_a-__call_atexit.o)
 .debug_frame   0x00000240       0x20 c:/yagarto-20121222/bin/../lib/gcc/arm-none-eabi/7.2.1/../../../../arm-none-eabi/lib/thumb/v7e-m/fpv4-sp/hard\libg.a(lib_a-atexit.o)
 .debug_frame   0x00000260       0x34 c:/yagarto-20121222/bin/../lib/gcc/arm-none-eabi/7.2.1/../../../../arm-none-eabi/lib/thumb/v7e-m/fpv4-sp/hard\libg.a(lib_a-fini.o)
 .debug_frame   0x00000294       0xb0 c:/yagarto-20121222/bin/../lib/gcc/arm-none-eabi/7.2.1/../../../../arm-none-eabi/lib/thumb/v7e-m/fpv4-sp/hard\libg.a(lib_a-lock.o)
 .debug_frame   0x00000344       0x34 c:/yagarto-20121222/bin/../lib/gcc/arm-none-eabi/7.2.1/../../../../arm-none-eabi/lib/thumb/v7e-m/fpv4-sp/hard\libg.a(lib_a-__atexit.o)

.debug_ranges   0x00000000       0x20
 .debug_ranges  0x00000000       0x20 C:\Users\Badra\AppData\Local\Temp\cc3JsvN2.o
